root
	a
	b
	c
	d
	f
	g
	h
	i
	j
	k
	l
	m
	n
	o
	p
root
	a
	b
	c
	d
	f
	g
	h
	i
	j
	k
	l
	m
	n
	o
	p
On branch: master
Staged changes:
	Created file a
	Created file b
	Created file c
	Created file d
	Created file f
	Created file g
	Created file h
	Created file i
	Created file j
	Created file k
	Created file l
	Created file m
	Created file n
	Created file o
	Created file p
	Added "a" to file a
	Added "b" to file b
	Added "c" to file c
	Added "d" to file d
	Added "f" to file f
	Added "g" to file g
	Added "h" to file h
	Added "i" to file i
	Added "j" to file j
	Added "k" to file k
	Added "l" to file l
	Added "m" to file m
	Added "n" to file n
	Added "o" to file o
	Added "p" to file p
