a
b
c
d
f
g
h
i
j
k
l
m
n
o
p
a
2 : System: Bad path
b
c
d
f
g
h
i
j
k
l
m
n
o
p
b
2 : System: Bad path
c
d
f
g
h
i
j
k
l
m
n
o
p
c
2 : System: Bad path
d
f
g
h
i
j
k
l
m
n
o
p
d
2 : System: Bad path
f
g
h
i
j
k
l
m
n
o
p
f
2 : System: Bad path
g
h
i
j
k
l
m
n
o
p
g
2 : System: Bad path
h
i
j
k
l
m
n
o
p
h
2 : System: Bad path
i
j
k
l
m
n
o
p
i
2 : System: Bad path
j
k
l
m
n
o
p
j
2 : System: Bad path
k
l
m
n
o
p
k
2 : System: Bad path
l
m
n
o
p
l
2 : System: Bad path
m
n
o
p
m
2 : System: Bad path
n
o
p
n
2 : System: Bad path
o
p
o
2 : System: Bad path
p
p
2 : System: Bad path
