root
	a
	b
	c
	d
	f
	g
	h
	i
	j
	k
	l
	m
	n
	o
	p
On branch: master
Staged changes:
	Created file a
	Created file b
	Created file c
	Created file d
	Created file f
	Created file g
	Created file h
	Created file i
	Created file j
	Created file k
	Created file l
	Created file m
	Created file n
	Created file o
	Created file p
