On branch: master
Staged changes:
-1 : Vcs: Bad command
-1 : Vcs: Bad command
On branch: master
Staged changes:
-1 : Vcs: Bad command
On branch: master
Staged changes:
-1 : Vcs: Bad command
On branch: master
Staged changes:
On branch: master
Staged changes:
-1 : Vcs: Bad command
-1 : Vcs: Bad command
On branch: master
Staged changes:
